read_then_write        K=200   +  0ms run 0: sold=200   oversell=160  lost=199  cons=1 p50=88.1 p99=159.3 1247/s rtt=0.1 {'ok': 200}
read_then_write        K=200   +  0ms run 1: sold=200   oversell=160  lost=199  cons=1 p50=59.9 p99=99.0 2006/s rtt=0.11 {'ok': 200}
read_then_write        K=200   +  0ms run 2: sold=200   oversell=160  lost=199  cons=1 p50=60.0 p99=94.8 2094/s rtt=0.16 {'ok': 200}
row_lock               K=200   +  0ms run 0: sold=40    oversell=0    lost=0    cons=0 p50=25.8 p99=35.9 5537/s rtt=0.09 {'ok': 40, 'sold_out': 160}
row_lock               K=200   +  0ms run 1: sold=40    oversell=0    lost=0    cons=0 p50=16.1 p99=23.1 8587/s rtt=0.09 {'ok': 40, 'sold_out': 160}
row_lock               K=200   +  0ms run 2: sold=40    oversell=0    lost=0    cons=0 p50=17.8 p99=25.1 7892/s rtt=0.12 {'ok': 40, 'sold_out': 160}
conditional_decrement  K=200   +  0ms run 0: sold=40    oversell=0    lost=0    cons=0 p50=13.8 p99=22.0 8983/s rtt=0.15 {'ok': 40, 'sold_out': 160}
conditional_decrement  K=200   +  0ms run 1: sold=40    oversell=0    lost=0    cons=0 p50=14.2 p99=21.4 9250/s rtt=0.12 {'ok': 40, 'sold_out': 160}
conditional_decrement  K=200   +  0ms run 2: sold=40    oversell=0    lost=0    cons=0 p50=13.5 p99=20.7 9568/s rtt=0.09 {'ok': 40, 'sold_out': 160}
reservation_rows       K=200   +  0ms run 0: sold=40    oversell=0    lost=0    cons=0 p50=12.3 p99=16.5 12077/s rtt=0.08 {'ok': 40, 'sold_out': 160}
reservation_rows       K=200   +  0ms run 1: sold=40    oversell=0    lost=0    cons=0 p50=12.1 p99=14.8 13443/s rtt=0.16 {'ok': 40, 'sold_out': 160}
reservation_rows       K=200   +  0ms run 2: sold=40    oversell=0    lost=0    cons=0 p50=12.6 p99=13.4 14796/s rtt=0.14 {'ok': 40, 'sold_out': 160}
rpc/now_stock          K=200   run 0: live=40    bound=40 oversell=0 cons=0 p50=228.9 p99=318.1 {'INSUFFICIENT_STOCK': 160, 'ok': 40} []
rpc/now_stock          K=200   run 1: live=40    bound=40 oversell=0 cons=0 p50=122.5 p99=163.7 {'INSUFFICIENT_STOCK': 160, 'ok': 40} []
rpc/now_stock          K=200   run 2: live=40    bound=40 oversell=0 cons=0 p50=95.7 p99=113.6 {'INSUFFICIENT_STOCK': 160, 'ok': 40} []
rpc/now_capacity       K=200   run 0: live=25    bound=25 oversell=0 cons=0 p50=74.7 p99=120.4 {'OVERLOADED': 175, 'ok': 25} []
rpc/now_capacity       K=200   run 1: live=25    bound=25 oversell=0 cons=0 p50=31.3 p99=44.2 {'OVERLOADED': 175, 'ok': 25} []
rpc/now_capacity       K=200   run 2: live=25    bound=25 oversell=0 cons=0 p50=31.0 p99=44.0 {'OVERLOADED': 175, 'ok': 25} []
rpc/scheduled_stock    K=200   run 0: live=40    bound=40 oversell=0 cons=0 p50=54.0 p99=71.3 {'INSUFFICIENT_STOCK': 160, 'ok': 40} []
rpc/scheduled_stock    K=200   run 1: live=40    bound=40 oversell=0 cons=0 p50=46.5 p99=61.4 {'INSUFFICIENT_STOCK': 160, 'ok': 40} []
rpc/scheduled_stock    K=200   run 2: live=40    bound=40 oversell=0 cons=0 p50=46.8 p99=62.6 {'INSUFFICIENT_STOCK': 160, 'ok': 40} []
rpc/scheduled_capacity K=200   run 0: live=25    bound=25 oversell=0 cons=0 p50=86.8 p99=138.0 {'OVERLOADED': 175, 'ok': 25} []
rpc/scheduled_capacity K=200   run 1: live=25    bound=25 oversell=0 cons=0 p50=54.7 p99=73.4 {'OVERLOADED': 175, 'ok': 25} []
rpc/scheduled_capacity K=200   run 2: live=25    bound=25 oversell=0 cons=0 p50=35.7 p99=52.9 {'OVERLOADED': 175, 'ok': 25} []

| target | strategy | K | added latency | runs | sold (min to max) | oversells (sum) | max oversell in a run | lost updates (sum) | conservation violations | p50 ms | p99 ms | checkouts/s |
|---|---|---|---|---|---|---|---|---|---|---|---|---|
| strategies | `read_then_write` | 200 | 0 ms | 3 | 200 to 200 | 480 | 160 | 597 | 3 | 59.95 | 98.99 | 2,005.7 |
| strategies | `row_lock` | 200 | 0 ms | 3 | 40 to 40 | 0 | 0 | 0 | 0 | 17.76 | 25.13 | 7,891.8 |
| strategies | `conditional_decrement` | 200 | 0 ms | 3 | 40 to 40 | 0 | 0 | 0 | 0 | 13.83 | 21.38 | 9,249.9 |
| strategies | `reservation_rows` | 200 | 0 ms | 3 | 40 to 40 | 0 | 0 | 0 | 0 | 12.34 | 14.77 | 13,442.6 |
| rpc | `now_stock` | 200 | 0 ms | 3 | 40 to 40 | 0 | 0 | 0 | 0 | 122.5 | 163.72 | 1,217.1 |
| rpc | `now_capacity` | 200 | 0 ms | 3 | 25 to 25 | 0 | 0 | 0 | 0 | 31.34 | 44.22 | 4,493.6 |
| rpc | `scheduled_stock` | 200 | 0 ms | 3 | 40 to 40 | 0 | 0 | 0 | 0 | 46.77 | 62.56 | 3,180.9 |
| rpc | `scheduled_capacity` | 200 | 0 ms | 3 | 25 to 25 | 0 | 0 | 0 | 0 | 54.74 | 73.38 | 2,709.7 |
GATE OK: 24 runs, 0 oversells and 0 conservation violations in every correct strategy and in create_order; read_then_write oversold, so the detector works
