rpc/now_stock          K=100   run 0: live=40    bound=40 oversell=0 cons=0 p50=121.3 p99=156.6 {'INSUFFICIENT_STOCK': 60, 'ok': 40} []
rpc/now_stock          K=100   run 1: live=40    bound=40 oversell=0 cons=0 p50=59.2 p99=65.4 {'INSUFFICIENT_STOCK': 60, 'ok': 40} []
rpc/now_stock          K=100   run 2: live=40    bound=40 oversell=0 cons=0 p50=45.3 p99=52.1 {'INSUFFICIENT_STOCK': 60, 'ok': 40} []
rpc/now_stock          K=100   run 3: live=40    bound=40 oversell=0 cons=0 p50=30.5 p99=36.0 {'INSUFFICIENT_STOCK': 60, 'ok': 40} []
rpc/now_stock          K=100   run 4: live=40    bound=40 oversell=0 cons=0 p50=38.4 p99=44.9 {'INSUFFICIENT_STOCK': 60, 'ok': 40} []
rpc/now_stock          K=100   run 5: live=40    bound=40 oversell=0 cons=0 p50=46.9 p99=60.8 {'INSUFFICIENT_STOCK': 60, 'ok': 40} []
rpc/now_stock          K=100   run 6: live=40    bound=40 oversell=0 cons=0 p50=34.1 p99=38.7 {'INSUFFICIENT_STOCK': 60, 'ok': 40} []
rpc/now_stock          K=100   run 7: live=40    bound=40 oversell=0 cons=0 p50=27.0 p99=31.7 {'INSUFFICIENT_STOCK': 60, 'ok': 40} []
rpc/now_stock          K=100   run 8: live=40    bound=40 oversell=0 cons=0 p50=23.3 p99=28.0 {'INSUFFICIENT_STOCK': 60, 'ok': 40} []
rpc/now_stock          K=100   run 9: live=40    bound=40 oversell=0 cons=0 p50=21.7 p99=25.6 {'INSUFFICIENT_STOCK': 60, 'ok': 40} []
rpc/now_capacity       K=100   run 0: live=25    bound=25 oversell=0 cons=0 p50=22.6 p99=33.5 {'OVERLOADED': 75, 'ok': 25} []
rpc/now_capacity       K=100   run 1: live=25    bound=25 oversell=0 cons=0 p50=17.1 p99=22.5 {'OVERLOADED': 75, 'ok': 25} []
rpc/now_capacity       K=100   run 2: live=25    bound=25 oversell=0 cons=0 p50=15.0 p99=19.6 {'OVERLOADED': 75, 'ok': 25} []
rpc/now_capacity       K=100   run 3: live=25    bound=25 oversell=0 cons=0 p50=16.5 p99=21.6 {'OVERLOADED': 75, 'ok': 25} []
rpc/now_capacity       K=100   run 4: live=25    bound=25 oversell=0 cons=0 p50=18.9 p99=24.5 {'OVERLOADED': 75, 'ok': 25} []
rpc/now_capacity       K=100   run 5: live=25    bound=25 oversell=0 cons=0 p50=14.9 p99=21.2 {'OVERLOADED': 75, 'ok': 25} []
rpc/now_capacity       K=100   run 6: live=25    bound=25 oversell=0 cons=0 p50=14.9 p99=18.9 {'OVERLOADED': 75, 'ok': 25} []
rpc/now_capacity       K=100   run 7: live=25    bound=25 oversell=0 cons=0 p50=19.8 p99=25.5 {'OVERLOADED': 75, 'ok': 25} []
rpc/now_capacity       K=100   run 8: live=25    bound=25 oversell=0 cons=0 p50=14.4 p99=18.1 {'OVERLOADED': 75, 'ok': 25} []
rpc/now_capacity       K=100   run 9: live=25    bound=25 oversell=0 cons=0 p50=20.7 p99=27.1 {'OVERLOADED': 75, 'ok': 25} []
rpc/scheduled_stock    K=100   run 0: live=100   bound=40 oversell=60 cons=1 p50=24.7 p99=45.9 {'ok': 100} ['stock 0 + live 100 != 40']
rpc/scheduled_stock    K=100   run 1: live=100   bound=40 oversell=60 cons=1 p50=19.3 p99=38.5 {'ok': 100} ['stock 0 + live 100 != 40']
rpc/scheduled_stock    K=100   run 2: live=100   bound=40 oversell=60 cons=1 p50=16.2 p99=32.4 {'ok': 100} ['stock 0 + live 100 != 40']
rpc/scheduled_stock    K=100   run 3: live=100   bound=40 oversell=60 cons=1 p50=17.1 p99=35.0 {'ok': 100} ['stock 0 + live 100 != 40']
rpc/scheduled_stock    K=100   run 4: live=100   bound=40 oversell=60 cons=1 p50=17.5 p99=32.7 {'ok': 100} ['stock 0 + live 100 != 40']
rpc/scheduled_stock    K=100   run 5: live=100   bound=40 oversell=60 cons=1 p50=26.9 p99=42.3 {'ok': 100} ['stock 0 + live 100 != 40']
rpc/scheduled_stock    K=100   run 6: live=100   bound=40 oversell=60 cons=1 p50=18.8 p99=35.2 {'ok': 100} ['stock 0 + live 100 != 40']
rpc/scheduled_stock    K=100   run 7: live=100   bound=40 oversell=60 cons=1 p50=18.1 p99=36.1 {'ok': 100} ['stock 0 + live 100 != 40']
rpc/scheduled_stock    K=100   run 8: live=100   bound=40 oversell=60 cons=1 p50=20.8 p99=34.7 {'ok': 100} ['stock 0 + live 100 != 40']
rpc/scheduled_stock    K=100   run 9: live=100   bound=40 oversell=60 cons=1 p50=19.2 p99=35.2 {'ok': 100} ['stock 0 + live 100 != 40']
rpc/scheduled_capacity K=100   run 0: live=100   bound=25 oversell=75 cons=1 p50=16.6 p99=31.1 {'ok': 100} ['stock 0 + live 100 != 40']
rpc/scheduled_capacity K=100   run 1: live=100   bound=25 oversell=75 cons=1 p50=18.2 p99=35.5 {'ok': 100} ['stock 0 + live 100 != 40']
rpc/scheduled_capacity K=100   run 2: live=100   bound=25 oversell=75 cons=1 p50=16.4 p99=31.1 {'ok': 100} ['stock 0 + live 100 != 40']
rpc/scheduled_capacity K=100   run 3: live=100   bound=25 oversell=75 cons=1 p50=18.1 p99=32.8 {'ok': 100} ['stock 0 + live 100 != 40']
rpc/scheduled_capacity K=100   run 4: live=100   bound=25 oversell=75 cons=1 p50=19.0 p99=35.2 {'ok': 100} ['stock 0 + live 100 != 40']
rpc/scheduled_capacity K=100   run 5: live=100   bound=25 oversell=75 cons=1 p50=17.9 p99=31.6 {'ok': 100} ['stock 0 + live 100 != 40']
rpc/scheduled_capacity K=100   run 6: live=100   bound=25 oversell=75 cons=1 p50=18.8 p99=35.7 {'ok': 100} ['stock 0 + live 100 != 40']
rpc/scheduled_capacity K=100   run 7: live=100   bound=25 oversell=75 cons=1 p50=19.9 p99=39.2 {'ok': 100} ['stock 0 + live 100 != 40']
rpc/scheduled_capacity K=100   run 8: live=100   bound=25 oversell=75 cons=1 p50=21.6 p99=36.7 {'ok': 100} ['stock 0 + live 100 != 40']
rpc/scheduled_capacity K=100   run 9: live=100   bound=25 oversell=75 cons=1 p50=20.2 p99=36.8 {'ok': 100} ['stock 0 + live 100 != 40']
rpc/now_stock          K=1000  run 0: live=40    bound=40 oversell=0 cons=0 p50=771.1 p99=1246.5 {'INSUFFICIENT_STOCK': 960, 'ok': 40} []
rpc/now_stock          K=1000  run 1: live=40    bound=40 oversell=0 cons=0 p50=176.1 p99=256.6 {'INSUFFICIENT_STOCK': 960, 'ok': 40} []
rpc/now_stock          K=1000  run 2: live=40    bound=40 oversell=0 cons=0 p50=180.1 p99=252.8 {'INSUFFICIENT_STOCK': 960, 'ok': 40} []
rpc/now_stock          K=1000  run 3: live=40    bound=40 oversell=0 cons=0 p50=163.2 p99=227.1 {'INSUFFICIENT_STOCK': 960, 'ok': 40} []
rpc/now_stock          K=1000  run 4: live=40    bound=40 oversell=0 cons=0 p50=155.6 p99=228.5 {'INSUFFICIENT_STOCK': 960, 'ok': 40} []
rpc/now_stock          K=1000  run 5: live=40    bound=40 oversell=0 cons=0 p50=157.5 p99=225.7 {'INSUFFICIENT_STOCK': 960, 'ok': 40} []
rpc/now_stock          K=1000  run 6: live=40    bound=40 oversell=0 cons=0 p50=149.8 p99=205.3 {'INSUFFICIENT_STOCK': 960, 'ok': 40} []
rpc/now_stock          K=1000  run 7: live=40    bound=40 oversell=0 cons=0 p50=150.8 p99=210.2 {'INSUFFICIENT_STOCK': 960, 'ok': 40} []
rpc/now_stock          K=1000  run 8: live=40    bound=40 oversell=0 cons=0 p50=189.8 p99=247.5 {'INSUFFICIENT_STOCK': 960, 'ok': 40} []
rpc/now_stock          K=1000  run 9: live=40    bound=40 oversell=0 cons=0 p50=136.0 p99=198.1 {'INSUFFICIENT_STOCK': 960, 'ok': 40} []
rpc/now_capacity       K=1000  run 0: live=25    bound=25 oversell=0 cons=0 p50=280.1 p99=518.0 {'OVERLOADED': 975, 'ok': 25} []
rpc/now_capacity       K=1000  run 1: live=25    bound=25 oversell=0 cons=0 p50=120.8 p99=188.8 {'OVERLOADED': 975, 'ok': 25} []
rpc/now_capacity       K=1000  run 2: live=25    bound=25 oversell=0 cons=0 p50=91.6 p99=150.2 {'OVERLOADED': 975, 'ok': 25} []
rpc/now_capacity       K=1000  run 3: live=25    bound=25 oversell=0 cons=0 p50=91.3 p99=151.6 {'OVERLOADED': 975, 'ok': 25} []
rpc/now_capacity       K=1000  run 4: live=25    bound=25 oversell=0 cons=0 p50=101.6 p99=159.0 {'OVERLOADED': 975, 'ok': 25} []
rpc/now_capacity       K=1000  run 5: live=25    bound=25 oversell=0 cons=0 p50=94.3 p99=150.5 {'OVERLOADED': 975, 'ok': 25} []
rpc/now_capacity       K=1000  run 6: live=25    bound=25 oversell=0 cons=0 p50=93.4 p99=143.0 {'OVERLOADED': 975, 'ok': 25} []
rpc/now_capacity       K=1000  run 7: live=25    bound=25 oversell=0 cons=0 p50=93.6 p99=208.1 {'OVERLOADED': 975, 'ok': 25} []
rpc/now_capacity       K=1000  run 8: live=25    bound=25 oversell=0 cons=0 p50=88.3 p99=146.1 {'OVERLOADED': 975, 'ok': 25} []
rpc/now_capacity       K=1000  run 9: live=25    bound=25 oversell=0 cons=0 p50=93.0 p99=139.5 {'OVERLOADED': 975, 'ok': 25} []
rpc/scheduled_stock    K=1000  run 0: live=1000  bound=40 oversell=960 cons=1 p50=864.5 p99=2027.9 {'ok': 1000} ['stock 0 + live 1000 != 40']
rpc/scheduled_stock    K=1000  run 1: live=1000  bound=40 oversell=960 cons=1 p50=366.6 p99=650.6 {'ok': 1000} ['stock 0 + live 1000 != 40']
rpc/scheduled_stock    K=1000  run 2: live=1000  bound=40 oversell=960 cons=1 p50=369.9 p99=696.8 {'ok': 1000} ['stock 0 + live 1000 != 40']
rpc/scheduled_stock    K=1000  run 3: live=1000  bound=40 oversell=960 cons=1 p50=309.1 p99=572.1 {'ok': 1000} ['stock 0 + live 1000 != 40']
rpc/scheduled_stock    K=1000  run 4: live=1000  bound=40 oversell=960 cons=1 p50=378.4 p99=693.5 {'ok': 1000} ['stock 0 + live 1000 != 40']
rpc/scheduled_stock    K=1000  run 5: live=1000  bound=40 oversell=960 cons=1 p50=307.2 p99=563.4 {'ok': 1000} ['stock 0 + live 1000 != 40']
rpc/scheduled_stock    K=1000  run 6: live=1000  bound=40 oversell=960 cons=1 p50=244.9 p99=413.8 {'ok': 1000} ['stock 0 + live 1000 != 40']
rpc/scheduled_stock    K=1000  run 7: live=1000  bound=40 oversell=960 cons=1 p50=178.4 p99=360.9 {'ok': 1000} ['stock 0 + live 1000 != 40']
rpc/scheduled_stock    K=1000  run 8: live=1000  bound=40 oversell=960 cons=1 p50=165.5 p99=324.7 {'ok': 1000} ['stock 0 + live 1000 != 40']
rpc/scheduled_stock    K=1000  run 9: live=1000  bound=40 oversell=960 cons=1 p50=168.6 p99=338.3 {'ok': 1000} ['stock 0 + live 1000 != 40']
rpc/scheduled_capacity K=1000  run 0: live=1000  bound=25 oversell=975 cons=1 p50=264.5 p99=486.1 {'ok': 1000} ['stock 0 + live 1000 != 40']
rpc/scheduled_capacity K=1000  run 1: live=1000  bound=25 oversell=975 cons=1 p50=171.5 p99=317.6 {'ok': 1000} ['stock 0 + live 1000 != 40']
rpc/scheduled_capacity K=1000  run 2: live=1000  bound=25 oversell=975 cons=1 p50=163.4 p99=313.7 {'ok': 1000} ['stock 0 + live 1000 != 40']
rpc/scheduled_capacity K=1000  run 3: live=1000  bound=25 oversell=975 cons=1 p50=245.2 p99=472.1 {'ok': 1000} ['stock 0 + live 1000 != 40']
rpc/scheduled_capacity K=1000  run 4: live=1000  bound=25 oversell=975 cons=1 p50=168.3 p99=323.8 {'ok': 1000} ['stock 0 + live 1000 != 40']
rpc/scheduled_capacity K=1000  run 5: live=1000  bound=25 oversell=975 cons=1 p50=170.0 p99=367.3 {'ok': 1000} ['stock 0 + live 1000 != 40']
rpc/scheduled_capacity K=1000  run 6: live=1000  bound=25 oversell=975 cons=1 p50=173.3 p99=341.5 {'ok': 1000} ['stock 0 + live 1000 != 40']
rpc/scheduled_capacity K=1000  run 7: live=1000  bound=25 oversell=975 cons=1 p50=176.5 p99=339.6 {'ok': 1000} ['stock 0 + live 1000 != 40']
rpc/scheduled_capacity K=1000  run 8: live=1000  bound=25 oversell=975 cons=1 p50=167.3 p99=318.3 {'ok': 1000} ['stock 0 + live 1000 != 40']
rpc/scheduled_capacity K=1000  run 9: live=1000  bound=25 oversell=975 cons=1 p50=165.9 p99=316.9 {'ok': 1000} ['stock 0 + live 1000 != 40']

| target | strategy | K | added latency | runs | sold (min to max) | oversells (sum) | max oversell in a run | lost updates (sum) | conservation violations | p50 ms | p99 ms | checkouts/s |
|---|---|---|---|---|---|---|---|---|---|---|---|---|
| rpc | `now_stock` | 100 | 0 ms | 10 | 40 to 40 | 0 | 0 | 0 | 0 | 36.28 | 41.75 | 2,398.6 |
| rpc | `now_capacity` | 100 | 0 ms | 10 | 25 to 25 | 0 | 0 | 0 | 0 | 16.8 | 22.05 | 4,506.4 |
| rpc | `scheduled_stock` | 100 | 0 ms | 10 | 100 to 100 | 600 | 60 | 600 | 10 | 18.97 | 35.22 | 2,768.9 |
| rpc | `scheduled_capacity` | 100 | 0 ms | 10 | 100 to 100 | 750 | 75 | 600 | 10 | 18.47 | 35.39 | 2,795.6 |
| rpc | `now_stock` | 1,000 | 0 ms | 10 | 40 to 40 | 0 | 0 | 0 | 0 | 160.32 | 227.77 | 4,363.7 |
| rpc | `now_capacity` | 1,000 | 0 ms | 10 | 25 to 25 | 0 | 0 | 0 | 0 | 93.51 | 151.08 | 6,568.8 |
| rpc | `scheduled_stock` | 1,000 | 0 ms | 10 | 1000 to 1000 | 9,600 | 960 | 9,600 | 10 | 308.12 | 567.75 | 1,746.9 |
| rpc | `scheduled_capacity` | 1,000 | 0 ms | 10 | 1000 to 1000 | 9,750 | 975 | 9,600 | 10 | 170.77 | 331.73 | 2,987.1 |
